[backblue.gif]
[fade.gif]
[index.html]
[ajax.googleapis.com/ajax/libs/jquery/1/jquery.min.js]
[invitacionesvirtuales.net/salon/js/jquery.countdown.js]
[invitacionesvirtuales.net/apple-touch-icon.png]
[invitacionesvirtuales.net/favicon-32x32.png]
[invitacionesvirtuales.net/favicon-16x16.png]
[invitacionesvirtuales.net/salon/favicon-32x32.png]
[invitacionesvirtuales.net/salon/favicon-16x16.png]
[maxcdn.bootstrapcdn.com/font-awesome/4.5.0/css/font-awesome.min.css]
[invitacionesvirtuales.net/assets/moana_2.jpg]
[invitacionesvirtuales.net/assets/barcodepapel-logo.png]
[invitacionesvirtuales.net/assets/photo1_92.jpg]
[invitacionesvirtuales.net/assets/photo2_69.jpg]
[invitacionesvirtuales.net/assets/photo3_84.jpg]
[invitacionesvirtuales.net/assets/photo4_89.jpg]
[ajax.googleapis.com/ajax/libs/jquery/1.10.2/jquery.min.js]
[invitacionesvirtuales.net/salon/invitacion3431.html]
[invitacionesvirtuales.net/salon/style-invit.css]
[maxcdn.bootstrapcdn.com/font-awesome/4.5.0/css/font-awesome.min.css]
[invitacionesvirtuales.net/salon/images/confirmacionasistencia.jpg]
[invitacionesvirtuales.net/salon/confirmacion3431.html]
[cdnjs.cloudflare.com/ajax/libs/font-awesome/4.7.0/css/font-awesome.min.css]
[code.jquery.com/ui/1.13.1/themes/base/jquery-ui.css]
[invitacionesvirtuales.net/images/logo-glow.png]
[invitacionesvirtuales.net/salon/invinet.html]
[invitacionesvirtuales.net/salon/reserva.css]
[invitacionesvirtuales.net/salon/estilo.css]
[cdnjs.cloudflare.com/ajax/libs/font-awesome/4.7.0/css/font-awesome.min.css]
[code.jquery.com/ui/1.13.1/themes/base/images/ui-icons_444444_256x240.png]
[code.jquery.com/ui/1.13.1/themes/base/images/ui-icons_555555_256x240.png]
[code.jquery.com/ui/1.13.1/themes/base/images/ui-icons_ffffff_256x240.png]
[code.jquery.com/ui/1.13.1/themes/base/images/ui-icons_777620_256x240.png]
[code.jquery.com/ui/1.13.1/themes/base/images/ui-icons_cc0000_256x240.png]
[code.jquery.com/ui/1.13.1/themes/base/images/ui-icons_777777_256x240.png]
[code.jquery.com/ui/1.13.1/themes/base/jquery-ui.css]
