[backblue.gif]
[fade.gif]
[index.html]
[ajax.googleapis.com/ajax/libs/jquery/1/jquery.min.js]
[invitacionesvirtuales.net/salon/js/jquery.countdown.js]
[invitacionesvirtuales.net/apple-touch-icon.png]
[invitacionesvirtuales.net/favicon-32x32.png]
[invitacionesvirtuales.net/favicon-16x16.png]
[invitacionesvirtuales.net/salon/favicon-32x32.png]
[invitacionesvirtuales.net/salon/favicon-16x16.png]
[platform-api.sharethis.com/js/sharethis.js]
[invitacionesvirtuales.net/assets/ayi-portada-1.jpg]
[invitacionesvirtuales.net/assets/distritobarracas-logo17006083211934.png]
[invitacionesvirtuales.net/assets/ayelen-1b16642397531999.jpg]
[invitacionesvirtuales.net/assets/ayelen-216642397532013.jpg]
[invitacionesvirtuales.net/assets/ayelen-316642397532021.jpg]
[invitacionesvirtuales.net/assets/ayelen-416642397532029.jpg]
[invitacionesvirtuales.net/salon/invitacionper6624.html]
[invitacionesvirtuales.net/salon/estilo.css]
[invitacionesvirtuales.net/salon/style-invit.css]
[invitacionesvirtuales.net/salon/images/confirmacionasistencia.jpg]
[invitacionesvirtuales.net/assets/ayi-wsp.jpg]
[invitacionesvirtuales.net/salon/confirmacionpa30e.html]
[invitacionesvirtuales.net/salon/reserva.css]
