[backblue.gif]
[fade.gif]
[index.html]
[ajax.googleapis.com/ajax/libs/jquery/1/jquery.min.js]
[invitacionesvirtuales.net/salon/js/jquery.countdown.js]
[invitacionesvirtuales.net/apple-touch-icon.png]
[invitacionesvirtuales.net/favicon-32x32.png]
[invitacionesvirtuales.net/favicon-16x16.png]
[invitacionesvirtuales.net/salon/favicon-32x32.png]
[invitacionesvirtuales.net/salon/favicon-16x16.png]
[platform-api.sharethis.com/js/sharethis.js]
[invitacionesvirtuales.net/assets/ayelen-portada-1016770800120868.jpg]
[invitacionesvirtuales.net/assets/distritobarracas-logo17006082934561.png]
[invitacionesvirtuales.net/assets/ayelen-1b16770108476495.jpg]
[invitacionesvirtuales.net/assets/ayelen-216770108476505.jpg]
[invitacionesvirtuales.net/assets/ayelen-316770108476514.jpg]
[invitacionesvirtuales.net/assets/ayelen-416770108476522.jpg]
[invitacionesvirtuales.net/salon/images/dresscode.png]
[invitacionesvirtuales.net/salon/images/cancion.png]
[invitacionesvirtuales.net/salon/images/menuespecial.png]
[invitacionesvirtuales.net/salon/images/regalo.png]
[invitacionesvirtuales.net/salon/images/instagram2023.png]
[invitacionesvirtuales.net/salon/invitacionper539c.html]
[invitacionesvirtuales.net/salon/estilo.css]
[invitacionesvirtuales.net/salon/style-invit.css]
[invitacionesvirtuales.net/salon/images/confirmacionasistencia.jpg]
[invitacionesvirtuales.net/assets/ayi-wsp216770109267819.jpg]
[invitacionesvirtuales.net/salon/cancionesp539c.html]
[invitacionesvirtuales.net/salon/menuespecialp539c.html]
[invitacionesvirtuales.net/salon/confirmacionp539c.html]
[invitacionesvirtuales.net/salon/reserva.css]
