[backblue.gif]
[fade.gif]
[index.html]
[ajax.googleapis.com/ajax/libs/jquery/1/jquery.min.js]
[invitacionesvirtuales.net/salon/js/jquery.countdown.js]
[invitacionesvirtuales.net/apple-touch-icon.png]
[invitacionesvirtuales.net/favicon-32x32.png]
[invitacionesvirtuales.net/favicon-16x16.png]
[invitacionesvirtuales.net/salon/favicon-32x32.png]
[invitacionesvirtuales.net/salon/favicon-16x16.png]
[platform-api.sharethis.com/js/sharethis.js]
[invitacionesvirtuales.net/assets/ayelen-portada-1116770801639941.jpg]
[invitacionesvirtuales.net/assets/distritobarracas-logo17006083032433.png]
[invitacionesvirtuales.net/salon/images/dresscode.png]
[invitacionesvirtuales.net/salon/images/cancion.png]
[invitacionesvirtuales.net/salon/images/menuespecial.png]
[invitacionesvirtuales.net/salon/images/regalo.png]
[invitacionesvirtuales.net/salon/images/instagram2023.png]
[invitacionesvirtuales.net/salon/invitacionper9583.html]
[invitacionesvirtuales.net/salon/estilo.css]
[invitacionesvirtuales.net/salon/style-invit.css]
[invitacionesvirtuales.net/salon/images/confirmacionasistencia.jpg]
[invitacionesvirtuales.net/assets/ayi-wsp316770108040011.jpg]
[invitacionesvirtuales.net/salon/cancionesp9583.html]
[invitacionesvirtuales.net/salon/menuespecialp9583.html]
[invitacionesvirtuales.net/salon/confirmacionp9583.html]
[invitacionesvirtuales.net/salon/reserva.css]
